<dataset>
	<author>rknight</author>
	<category />
	<creationDate>2013-05-23 03:58:23.000</creationDate>
	<description>wibble 12319</description>
	<globalID>7d3c5f3d-dd7f-46cb-a7b6-11e40ef75a9c</globalID>
	<licence />
	<linkedTo />
	<localID>https://vphsharedata1.sheffield.ac.uk/richtest2</localID>
	<metadataCreationDate>2014-03-06 15:22:12.281</metadataCreationDate>
	<metadataUpdateDate>2014-03-06 15:22:12.281</metadataUpdateDate>
	<name>richtest2</name>
	<rating>0</rating>
	<relatedResources />
	<semanticAnnotations />
	<status>active</status>
	<tags>dev</tags>
	<type>Dataset</type>
	<updateDate>2014-02-18 13:30:24.728</updateDate>
	<views>73</views>
</dataset>
